// Jest Snapshot v1, https://goo.gl/fbAQLP

exports[`Error Alert renders correctly with default error message 1`] = `ShallowWrapper {}`;
