// Jest Snapshot v1, https://goo.gl/fbAQLP

exports[`Form - Input renders correctly 1`] = `ShallowWrapper {}`;
